// Jest Snapshot v1, https://goo.gl/fbAQLP

exports[`Login Test Suite renders correctly 1`] = `
<form
  className="login"
>
  <label
    htmlFor="email"
  >
    Username
  </label>
  <input
    id="email"
    name="email"
    onBlur={[Function]}
    type="text"
  />
  <label
    htmlFor="password"
  >
    Password
  </label>
  <input
    id="password"
    name="password"
    onBlur={[Function]}
    type="password"
  />
  <button>
    Submit
  </button>
</form>
`;
